10:47:50 **** Auto Build of configuration Debug for project FFT-new ****
make pre-build main-build 
a9-linaro-pre-build-step
' '
'Building file: ../src/main.cc'
'Invoking: ARM v7 g++ compiler'
arm-none-eabi-g++ -Wall -O0 -g3 -c -fmessage-length=0 -MT"src/main.o" -mcpu=cortex-a9 -mfpu=vfpv3 -mfloat-abi=hard -I../../FFT-new_bsp/ps7_cortexa9_0/include -MMD -MP -MF"src/main.d" -MT"src/main.o" -o "src/main.o" "../src/main.cc"
In file included from ../src/main.cc:14:0:
../../FFT-new_bsp/ps7_cortexa9_0/include/xtime_l.h:87:70: note: #pragma message: For the sleep routines, Global timer is being used
 #pragma message ("For the sleep routines, Global timer is being used")
                                                                      ^
../src/main.cc: In function 'int main()':
../src/main.cc:94:12: warning: unused variable 'm_dma_buffer_TX' [-Wunused-variable]
     cmplx *m_dma_buffer_TX = (cmplx*) TX_BUFFER_BASE;
            ^~~~~~~~~~~~~~~
'Finished building: ../src/main.cc'
' '
'Building target: FFT-new.elf'
'Invoking: ARM v7 g++ linker'
arm-none-eabi-g++ -mcpu=cortex-a9 -mfpu=vfpv3 -mfloat-abi=hard -Wl,-build-id=none -specs=Xilinx.spec -Wl,-T -Wl,../src/lscript.ld -L../../FFT-new_bsp/ps7_cortexa9_0/lib -o "FFT-new.elf"  ./src/fft_br.o ./src/main.o ./src/platform.o   -Wl,--start-group,-lxil,-lgcc,-lc,-lstdc++,--end-group
'Finished building target: FFT-new.elf'
' '
'Invoking: ARM v7 Print Size'
arm-none-eabi-size FFT-new.elf  |tee "FFT-new.elf.size"
   text	   data	    bss	    dec	    hex	filename
 148708	  14944	  58072	 221724	  3621c	FFT-new.elf
'Finished building: FFT-new.elf.size'
' '

10:47:51 Build Finished (took 1s.151ms)

